test: test initial load
--- request ---
GET: /
[Accept: text/html, application/xhtml+xml]

--- response ---
200 OK
[]

<html><head><!-- inertia head --></head><body><div id="app" data-page='{"component":"Test","props":{},"url":"/","version":null}'></div> </body></html>


test: test inertia load
--- request ---
GET: /
[Accept: text/html, application/xhtml+xml
 X-Inertia: true]

--- response ---
200 OK
[Vary: X-Inertia
 X-Inertia: true
 Content-Type: application/json]

{"component":"Test","props":{},"url":"/","version":null}


test: test inertia with stale version. Server has version "0"
--- request ---
GET: /
[Accept: text/html, application/xhtml+xml
 X-Inertia: true
 X-Inertia-Version: 1]

--- response ---
409 Conflict
[X-Inertia-Location: /]




test: test inertia with stale version and a POST method. Server has version "0"
--- request ---
POST: /
[Accept: text/html, application/xhtml+xml
 X-Inertia: true
 X-Inertia-Version: 1]

--- response ---
303 See Other
[Location: /]




test: test inertia with stale version and a PATCH method. Server has version "0"
--- request ---
PATCH: /
[Accept: text/html, application/xhtml+xml
 X-Inertia: true
 X-Inertia-Version: 1]

--- response ---
303 See Other
[Location: /]




test: test inertia with stale version and a PUT method. Server has version "0"
--- request ---
PUT: /
[Accept: text/html, application/xhtml+xml
 X-Inertia: true
 X-Inertia-Version: 1]

--- response ---
303 See Other
[Location: /]




test: test inertia with stale version and a DELETE method. Server has version "0"
--- request ---
DELETE: /
[Accept: text/html, application/xhtml+xml
 X-Inertia: true
 X-Inertia-Version: 1]

--- response ---
303 See Other
[Location: /]




