test: initial load
--- request ---
GET: /
[Accept: text/html, application/xhtml+xml]

--- response ---
200 OK
[Content-Type: text/html; charset=utf-8]

<html><head><!-- inertia head --></head><body>{"component":"Test","props":{"shared_test":"hello"},"url":"/","version":null,"mergeProps":[],"deepMergeProps":[],"deferredProps":{}}</body></html>


test: inertia load
--- request ---
GET: /
[Accept: text/html, application/xhtml+xml
 X-Inertia: true]

--- response ---
200 OK
[Vary: X-Inertia
 X-Inertia: true
 Content-Type: application/json]

{"component":"Test","props":{"shared_test":"hello"},"url":"/","version":null,"mergeProps":[],"deepMergeProps":[],"deferredProps":{}}


test: inertia with stale version. Server has version "0"
--- request ---
GET: /
[Accept: text/html, application/xhtml+xml
 X-Inertia: true
 X-Inertia-Version: 1]

--- response ---
409 Conflict
[X-Inertia-Location: /]




test: inertia with stale version and a POST method. Server has version "0"
--- request ---
POST: /
[Accept: text/html, application/xhtml+xml
 X-Inertia: true
 X-Inertia-Version: 1]

--- response ---
303 See Other
[Location: /]




test: inertia with stale version and a PATCH method. Server has version "0"
--- request ---
PATCH: /
[Accept: text/html, application/xhtml+xml
 X-Inertia: true
 X-Inertia-Version: 1]

--- response ---
303 See Other
[Location: /]




test: inertia with stale version and a PUT method. Server has version "0"
--- request ---
PUT: /
[Accept: text/html, application/xhtml+xml
 X-Inertia: true
 X-Inertia-Version: 1]

--- response ---
303 See Other
[Location: /]




test: inertia with stale version and a DELETE method. Server has version "0"
--- request ---
DELETE: /
[Accept: text/html, application/xhtml+xml
 X-Inertia: true
 X-Inertia-Version: 1]

--- response ---
303 See Other
[Location: /]




test: with shared data collisions
--- request ---
GET: /shared
[Accept: text/html, application/xhtml+xml
 X-Inertia: true]

--- response ---
200 OK
[Vary: X-Inertia
 X-Inertia: true
 Content-Type: application/json]

{"component":"Test","props":{"shared_test":"overriden shared data"},"url":"/shared","version":null,"mergeProps":[],"deepMergeProps":[],"deferredProps":{}}


test: location with inertia request
--- request ---
GET: /location
[Accept: text/html, application/xhtml+xml
 X-Inertia: true]

--- response ---
409 Conflict
[X-Inertia-Location: https://www.google.com]




test: location is initial load
--- request ---
GET: /location
[]

--- response ---
303 See Other
[Location: https://www.google.com]




test: mergeable props
--- request ---
GET: /mergeable
[]

--- response ---
200 OK
[Content-Type: text/html; charset=utf-8]

<html><head><!-- inertia head --></head><body>{"component":"Mergeable","props":{"deep_merge_this":"deep thinking","merge_this":"merged","not_this":"ow no","shared_test":"hello"},"url":"/mergeable","version":null,"mergeProps":["merge_this_d","merge_this"],"deepMergeProps":["deep_merge_this_d","deep_merge_this"],"deferredProps":{"default":["deep_merge_this_d","not_this_d","merge_this_d"]}}</body></html>


test: mergeable props
--- request ---
GET: /mergeable
[Accept: text/html, application/xhtml+xml
 X-Inertia: true]

--- response ---
200 OK
[Vary: X-Inertia
 X-Inertia: true
 Content-Type: application/json]

{"component":"Mergeable","props":{"deep_merge_this":"deep thinking","merge_this":"merged","not_this":"ow no","shared_test":"hello"},"url":"/mergeable","version":null,"mergeProps":["merge_this_d","merge_this"],"deepMergeProps":["deep_merge_this_d","deep_merge_this"],"deferredProps":{"default":["deep_merge_this_d","not_this_d","merge_this_d"]}}


test: default load props
--- request ---
GET: /loading
[Accept: text/html, application/xhtml+xml
 X-Inertia: true]

--- response ---
200 OK
[Vary: X-Inertia
 X-Inertia: true
 Content-Type: application/json]

{"component":"Loading","props":{"always":"always","default":"default","shared_test":"hello"},"url":"/loading","version":null,"mergeProps":[],"deepMergeProps":[],"deferredProps":{"default":["defer"]}}


test: load partial optional
--- request ---
GET: /loading
[X-Inertia-Partial-Component: Loading
 X-Inertia-Partial-Data: optional
 Accept: text/html, application/xhtml+xml
 X-Inertia: true]

--- response ---
200 OK
[Vary: X-Inertia
 X-Inertia: true
 Content-Type: application/json]

{"component":"Loading","props":{"always":"always","optional":"optional"},"url":"/loading","version":null,"mergeProps":[],"deepMergeProps":[],"deferredProps":{}}


test: load partial without optional
--- request ---
GET: /loading
[X-Inertia-Partial-Component: Loading
 X-Inertia-Partial-Data: default
 Accept: text/html, application/xhtml+xml
 X-Inertia: true]

--- response ---
200 OK
[Vary: X-Inertia
 X-Inertia: true
 Content-Type: application/json]

{"component":"Loading","props":{"always":"always","default":"default"},"url":"/loading","version":null,"mergeProps":[],"deepMergeProps":[],"deferredProps":{}}


test: load partial with wrong component
--- request ---
GET: /loading
[X-Inertia-Partial-Component: Test
 X-Inertia-Partial-Data: default
 Accept: text/html, application/xhtml+xml
 X-Inertia: true]

--- response ---
200 OK
[Vary: X-Inertia
 X-Inertia: true
 Content-Type: application/json]

{"component":"Loading","props":{"always":"always","default":"default","shared_test":"hello"},"url":"/loading","version":null,"mergeProps":[],"deepMergeProps":[],"deferredProps":{"default":["defer"]}}


